21:45:24 **** Incremental Build of configuration Debug for project STM32_ADC ****
make -j4 all 
Building file: ../src/main.c
Building file: ../src/modbus.c
Invoking: MCU GCC Compiler
Invoking: MCU GCC Compiler
D:\GIT\GitHub\STM32_ADC\STM32_ADC\Debug
D:\GIT\GitHub\STM32_ADC\STM32_ADC\Debug
arm-none-eabi-gcc -mcpu=cortex-m3 -mthumb -mfloat-abi=soft -DSTM32 -DSTM32F1 -DSTM32F103C8Tx -DDEBUG -DSTM32F10X_MD -DUSE_STDPERIPH_DRIVER -I"D:/GIT/GitHub/STM32_ADC/STM32_ADC/StdPeriph_Driver/inc" -I"D:/GIT/GitHub/STM32_ADC/STM32_ADC/inc" -I"D:/GIT/GitHub/STM32_ADC/STM32_ADC/CMSIS/device" -I"D:/GIT/GitHub/STM32_ADC/STM32_ADC/CMSIS/core" -O0 -g3 -Wall -fmessage-length=0 -ffunction-sections -c -MMD -MP -MF"src/modbus.d" -MT"src/modbus.o" -o "src/modbus.o" "../src/modbus.c"
arm-none-eabi-gcc -mcpu=cortex-m3 -mthumb -mfloat-abi=soft -DSTM32 -DSTM32F1 -DSTM32F103C8Tx -DDEBUG -DSTM32F10X_MD -DUSE_STDPERIPH_DRIVER -I"D:/GIT/GitHub/STM32_ADC/STM32_ADC/StdPeriph_Driver/inc" -I"D:/GIT/GitHub/STM32_ADC/STM32_ADC/inc" -I"D:/GIT/GitHub/STM32_ADC/STM32_ADC/CMSIS/device" -I"D:/GIT/GitHub/STM32_ADC/STM32_ADC/CMSIS/core" -O0 -g3 -Wall -fmessage-length=0 -ffunction-sections -c -MMD -MP -MF"src/main.d" -MT"src/main.o" -o "src/main.o" "../src/main.c"
Finished building: ../src/modbus.c
Finished building: ../src/main.c
 
 
Building target: STM32_ADC.elf
Invoking: MCU GCC Linker
arm-none-eabi-gcc -mcpu=cortex-m3 -mthumb -mfloat-abi=soft -T"D:/GIT/GitHub/STM32_ADC/STM32_ADC/LinkerScript.ld" -Wl,-Map=output.map -Wl,--gc-sections -o "STM32_ADC.elf" @"objects.list"   -lm
Finished building target: STM32_ADC.elf
 
make --no-print-directory post-build
Generating binary and Printing size information:
arm-none-eabi-objcopy -O binary "STM32_ADC.elf" "STM32_ADC.bin"
arm-none-eabi-size "STM32_ADC.elf"
   text	   data	    bss	    dec	    hex	filename
   4100	   1080	   3804	   8984	   2318	STM32_ADC.elf
 
